com\paulopkljk\api\domain\exception\NegocioException.class
com\paulopkljk\api\model\Comentario.class
com\paulopkljk\api\exceptionhandler\ApiExceptionHandler.class
com\paulopkljk\api\model\ClienteResumoModel.class
com\paulopkljk\api\domain\repository\OrdemServicoRepository.class
com\paulopkljk\api\model\OrdemServicoInput.class
com\paulopkljk\api\controller\ComentarioController.class
com\paulopkljk\api\controller\ClienteController.class
com\paulopkljk\api\domain\service\CrudClienteService.class
com\paulopkljk\api\domain\model\OrdemServico.class
com\paulopkljk\api\model\OrdemServicoModel.class
com\paulopkljk\api\controller\OrdemServicoController.class
com\paulopkljk\api\domain\service\GestaoOrdemServico.class
com\paulopkljk\api\core\ModelMapperConfig.class
com\paulopkljk\api\domain\repository\ComentarioRepository.class
com\paulopkljk\api\exceptionhandler\Problema.class
com\paulopkljk\api\OsWorksApiApplication.class
com\paulopkljk\api\model\ClienteIdInput.class
com\paulopkljk\api\exceptionhandler\Problema$Campo.class
com\paulopkljk\api\domain\model\Cliente.class
com\paulopkljk\api\exceptionhandler\EntidadeNaoEncontradaException.class
com\paulopkljk\api\model\ComentarioModel.class
com\paulopkljk\api\model\ComentarioInput.class
com\paulopkljk\api\domain\repository\ClienteRepository.class
com\paulopkljk\api\domain\model\StatusOrdemServico.class
