C:\Users\Paulo\eclipse-workspace\osWorks_api\src\main\java\com\paulopkljk\api\domain\repository\ClienteRepository.java
C:\Users\Paulo\eclipse-workspace\osWorks_api\src\main\java\com\paulopkljk\api\domain\repository\OrdemServicoRepository.java
C:\Users\Paulo\eclipse-workspace\osWorks_api\src\main\java\com\paulopkljk\api\domain\model\Cliente.java
C:\Users\Paulo\eclipse-workspace\osWorks_api\src\main\java\com\paulopkljk\api\exceptionhandler\ApiExceptionHandler.java
C:\Users\Paulo\eclipse-workspace\osWorks_api\src\main\java\com\paulopkljk\api\domain\service\CrudClienteService.java
C:\Users\Paulo\eclipse-workspace\osWorks_api\src\main\java\com\paulopkljk\api\model\OrdemServicoModel.java
C:\Users\Paulo\eclipse-workspace\osWorks_api\src\main\java\com\paulopkljk\api\domain\exception\NegocioException.java
C:\Users\Paulo\eclipse-workspace\osWorks_api\src\main\java\com\paulopkljk\api\domain\model\StatusOrdemServico.java
C:\Users\Paulo\eclipse-workspace\osWorks_api\src\main\java\com\paulopkljk\api\model\ComentarioModel.java
C:\Users\Paulo\eclipse-workspace\osWorks_api\src\main\java\com\paulopkljk\api\domain\model\OrdemServico.java
C:\Users\Paulo\eclipse-workspace\osWorks_api\src\main\java\com\paulopkljk\api\domain\repository\ComentarioRepository.java
C:\Users\Paulo\eclipse-workspace\osWorks_api\src\main\java\com\paulopkljk\api\exceptionhandler\Problema.java
C:\Users\Paulo\eclipse-workspace\osWorks_api\src\main\java\com\paulopkljk\api\model\ClienteResumoModel.java
C:\Users\Paulo\eclipse-workspace\osWorks_api\src\main\java\com\paulopkljk\api\model\Comentario.java
C:\Users\Paulo\eclipse-workspace\osWorks_api\src\main\java\com\paulopkljk\api\domain\service\GestaoOrdemServico.java
C:\Users\Paulo\eclipse-workspace\osWorks_api\src\main\java\com\paulopkljk\api\model\ClienteIdInput.java
C:\Users\Paulo\eclipse-workspace\osWorks_api\src\main\java\com\paulopkljk\api\controller\ClienteController.java
C:\Users\Paulo\eclipse-workspace\osWorks_api\src\main\java\com\paulopkljk\api\controller\OrdemServicoController.java
C:\Users\Paulo\eclipse-workspace\osWorks_api\src\main\java\com\paulopkljk\api\OsWorksApiApplication.java
C:\Users\Paulo\eclipse-workspace\osWorks_api\src\main\java\com\paulopkljk\api\core\ModelMapperConfig.java
C:\Users\Paulo\eclipse-workspace\osWorks_api\src\main\java\com\paulopkljk\api\model\OrdemServicoInput.java
C:\Users\Paulo\eclipse-workspace\osWorks_api\src\main\java\com\paulopkljk\api\model\ComentarioInput.java
C:\Users\Paulo\eclipse-workspace\osWorks_api\src\main\java\com\paulopkljk\api\controller\ComentarioController.java
C:\Users\Paulo\eclipse-workspace\osWorks_api\src\main\java\com\paulopkljk\api\exceptionhandler\EntidadeNaoEncontradaException.java
